<?xml version="1.0" encoding="UTF-8"?>
<testsuites name="jest tests" tests="10" failures="0" errors="0" time="1.248">
  <testsuite name="undefined" errors="0" failures="0" skipped="0" timestamp="2024-03-18T08:35:47" time="0.864" tests="10">
    <testcase classname=" Clicking on Create Task Button should add it to first stage and do nothing if input is empty" name=" Clicking on Create Task Button should add it to first stage and do nothing if input is empty" time="0.076">
    </testcase>
    <testcase classname=" For a task in stage 0, backward icon is disabled and forward icon is enabled" name=" For a task in stage 0, backward icon is disabled and forward icon is enabled" time="0.01">
    </testcase>
    <testcase classname=" For a task in stage 0, can be moved forward till stage 4 and check for icons are enabled/disabled correctly" name=" For a task in stage 0, can be moved forward till stage 4 and check for icons are enabled/disabled correctly" time="0.018">
    </testcase>
    <testcase classname=" For a task in stage 4, can be moved backward till stage 0 and check for icons are enabled/disabled correctly" name=" For a task in stage 4, can be moved backward till stage 0 and check for icons are enabled/disabled correctly" time="0.017">
    </testcase>
    <testcase classname=" Clicking on delete should delete the task in stage 0" name=" Clicking on delete should delete the task in stage 0" time="0.006">
    </testcase>
    <testcase classname=" Clicking on delete should delete the task in stage 1" name=" Clicking on delete should delete the task in stage 1" time="0.007">
    </testcase>
    <testcase classname=" Clicking on delete should delete the task in stage 2" name=" Clicking on delete should delete the task in stage 2" time="0.009">
    </testcase>
    <testcase classname=" Clicking on delete should delete the task in stage 3" name=" Clicking on delete should delete the task in stage 3" time="0.009">
    </testcase>
    <testcase classname=" after many forward and back operations, tasks are in correct state" name=" after many forward and back operations, tasks are in correct state" time="0.037">
    </testcase>
    <testcase classname=" tasks are in correct state after multiple move and deletions" name=" tasks are in correct state after multiple move and deletions" time="0.011">
    </testcase>
  </testsuite>
</testsuites>